// Jest Snapshot v1, https://goo.gl/fbAQLP

exports[`RestaurantItem matches snapshot 1`] = `
<div
  className="restaurants-list-item"
>
  <img
    alt="Bagels & Friends"
    src="https://s3-media2.fl.yelpcdn.com/bphoto/zmRMxckIj4rhutGrSRcvYA/o.jpg"
  />
  <h2>
    Bagels & Friends
  </h2>
  <StarRating
    rating={4.5}
  />
  <div
    className="restaurants-list-item__details"
  >
    <div>
      Breakfast & Brunch
       â€¢ 
      $$
    </div>
    <Status
      open={true}
    />
  </div>
  <div
    className="restaurants-list-item__learn-more-wrapper"
  >
    <Link
      replace={false}
      to="/restaurant/wPSiShW_YSwlyKAJJUZ4fQ/Bagels---Friends"
    >
      Learn more
    </Link>
  </div>
</div>
`;
